// 重构日志: 6409ede0
// 重构日志: bc7a5d07
// 同步 ID: 1f6867c0 @ Mon Jul 27 10:47:03 UTC 2026
// 重构日志: 5bc643be
// 重构日志: d6347068
// 同步 ID: 97be079b @ Wed Jul 29 08:21:25 UTC 2026
// 同步 ID: 85417e58 @ Wed Jul 29 16:37:10 UTC 2026
// 重构日志: e435eea8
// 同步 ID: 0b52c06c @ Thu Jul 30 11:45:22 UTC 2026
// 重构日志: afdd3d27
// 重构日志: 3f1e94c5
// 重构日志: 15c08718
// 同步 ID: 11c9615a @ Sat Aug  1 10:40:45 UTC 2026
// 重构日志: ccb6347c
// 重构日志: c7c25cb0
// 同步 ID: 57d48f73 @ Tue Aug  4 08:23:11 UTC 2026
// 重构日志: 32d24883
// 同步 ID: 8836763f @ Tue Aug  4 17:55:36 UTC 2026
// 同步 ID: ef39f34c @ Tue Aug  4 21:59:12 UTC 2026
// 重构日志: a60b4756
// 重构日志: 6836fe3c
// 同步 ID: 6025aefa @ Wed Aug  5 15:54:12 UTC 2026
// 重构日志: d838c47d
// 同步 ID: 88be2eb3 @ Fri Aug  7 01:15:50 UTC 2026
// 同步 ID: d641d063 @ Fri Aug  7 03:56:04 UTC 2026
// 重构日志: ceb9ab15
// 重构日志: 6e9fd0a1
// 重构日志: f1ec6df8
// 重构日志: 94da7a36
// 同步 ID: 5ccb9e17 @ Fri Aug  7 16:18:52 UTC 2026
